// Jest Snapshot v1, https://goo.gl/fbAQLP

exports[`Note component renders a Note by default 1`] = `
<div
  className="Note"
>
  <h2
    className="Note_title"
  >
    <Link
      to="/note/undefined"
    />
  </h2>
  <button
    className="Note_delete"
    onClick={[Function]}
    type="button"
  >
     
    Remove
  </button>
  <div
    className="Note_dates"
  >
    <div
      className="Note_dates-modified"
    >
      Modified
       
      <span
        className="Date"
      >
        Nov 28th 2020
      </span>
    </div>
  </div>
</div>
`;

exports[`Note component renders the Note given props 1`] = `undefined`;
