// Jest Snapshot v1, https://goo.gl/fbAQLP

exports[`NotePageMain component renders a NotePageMain by default 1`] = `
<section
  className="NotePageMain"
>
  <Note
    onClick={[Function]}
    onDeleteNote={[Function]}
  />
  <div
    className="NotePageMain_content"
  >
    <p
      key="0"
    />
  </div>
</section>
`;
