// Jest Snapshot v1, https://goo.gl/fbAQLP

exports[`NoteListMain component renders a NoteListMain by default 1`] = `
<section
  className="NoteListMain"
>
  <ul />
  <div
    className="NoteListMain_button-container"
  >
    <NavCircleButton
      className="NoteListMain_add-note-button"
      tag={
        Object {
          "$$typeof": Symbol(react.forward_ref),
          "propTypes": Object {
            "innerRef": [Function],
            "onClick": [Function],
            "replace": [Function],
            "target": [Function],
            "to": [Function],
          },
          "render": [Function],
        }
      }
      to="/add-note"
      type="button"
    >
      <br />
      Add
      <br />
      Note
    </NavCircleButton>
  </div>
</section>
`;
